<html>
<body>
<pre>
<h1>µVision Build Log</h1>
<h2>Tool Versions:</h2>
IDE-Version: ¦ÌVision V5.30.0.0
Copyright (C) 2020 ARM Ltd and ARM Germany GmbH. All rights reserved.
License Information: zhang SuperHang, shanghai, LIC=9WSLQ-NWJMZ-IIT5V-PS7F4-3LT2Q-WCC04
 
Tool Versions:
Toolchain:       MDK-ARM Plus  Version: 5.30.0.0
Toolchain Path:  C:\Keil_v5\ARM\ARMCC\Bin
C Compiler:      Armcc.exe V5.06 update 6 (build 750)
Assembler:       Armasm.exe V5.06 update 6 (build 750)
Linker/Locator:  ArmLink.exe V5.06 update 6 (build 750)
Library Manager: ArmAr.exe V5.06 update 6 (build 750)
Hex Converter:   FromElf.exe V5.06 update 6 (build 750)
CPU DLL:         SARMCM3.DLL V5.30.0.0
Dialog DLL:      DCM.DLL V1.17.3.0
Target DLL:      STLink\ST-LINKIII-KEIL_SWO.dll V3.0.7.0
Dialog DLL:      TCM.DLL V1.42.0.0
 
<h2>Project:</h2>
C:\Users\SuperHang\Desktop\STM32\touchgfx_test2\MDK-ARM\touchgfx_test1.uvprojx
Project File Date:  10/16/2022

<h2>Output:</h2>
*** Using Compiler 'V5.06 update 6 (build 750)', folder: 'C:\Keil_v5\ARM\ARMCC\Bin'
Build target 'touchgfx_test1'
assembling startup_stm32f767xx.s...
compiling stm32f7xx_hal_msp.c...
compiling dma2d.c...
compiling ltdc.c...
compiling gpio.c...
compiling TouchGFXGPIO.cpp...
compiling crc.c...
compiling stm32f7xx_hal_timebase_tim.c...
compiling fmc.c...
compiling app_touchgfx.c...
compiling OSWrappers.cpp...
compiling iwdg.c...
compiling TouchGFXHAL.cpp...
../TouchGFX/target/generated/TouchGFXGeneratedHAL.hpp(57): warning:  #1300-D: initialize inherits implicit virtual
      void initialize();
../TouchGFX/target/TouchGFXHAL.hpp(52): warning:  #1300-D: initialize inherits implicit virtual
      void initialize();
../TouchGFX/target/TouchGFXHAL.cpp: 2 warnings, 0 errors
compiling main.c...
compiling freertos.c...
compiling stm32f7xx_it.c...
compiling STM32TouchController.cpp...
compiling stm32f7xx_hal_rcc_ex.c...
compiling stm32f7xx_hal_rcc.c...
compiling stm32f7xx_hal_crc_ex.c...
compiling stm32f7xx_hal_gpio.c...
compiling TouchGFXGeneratedHAL.cpp...
../TouchGFX/target/generated/TouchGFXGeneratedHAL.hpp(57): warning:  #1300-D: initialize inherits implicit virtual
      void initialize();
../TouchGFX/target/generated/TouchGFXGeneratedHAL.cpp: 1 warning, 0 errors
compiling stm32f7xx_hal_crc.c...
compiling STM32DMA.cpp...
compiling stm32f7xx_hal_flash_ex.c...
compiling stm32f7xx_hal_flash.c...
compiling TouchGFXConfiguration.cpp...
../TouchGFX/target/generated/TouchGFXGeneratedHAL.hpp(57): warning:  #1300-D: initialize inherits implicit virtual
      void initialize();
../TouchGFX/target/TouchGFXHAL.hpp(52): warning:  #1300-D: initialize inherits implicit virtual
      void initialize();
../TouchGFX/target/generated/TouchGFXConfiguration.cpp: 2 warnings, 0 errors
compiling stm32f7xx_hal_cortex.c...
compiling stm32f7xx_hal_pwr_ex.c...
compiling stm32f7xx_hal_dma_ex.c...
compiling stm32f7xx_hal.c...
compiling stm32f7xx_hal_pwr.c...
compiling stm32f7xx_ll_fmc.c...
compiling stm32f7xx_hal_dma2d.c...
compiling stm32f7xx_hal_exti.c...
compiling stm32f7xx_hal_i2c.c...
compiling croutine.c...
compiling stm32f7xx_hal_sdram.c...
compiling stm32f7xx_hal_dma.c...
compiling list.c...
compiling event_groups.c...
compiling stm32f7xx_hal_iwdg.c...
compiling stm32f7xx_hal_i2c_ex.c...
compiling stream_buffer.c...
compiling queue.c...
compiling timers.c...
compiling heap_4.c...
compiling Model.cpp...
compiling tasks.c...
compiling cmsis_os.c...
compiling port.c...
compiling FrontendApplication.cpp...
compiling screenPresenter.cpp...
compiling BitmapDatabase.cpp...
compiling ApplicationFontProvider.cpp...
compiling Font_verdana_10_4bpp_0.cpp...
compiling CachedFont.cpp...
compiling Font_verdana_20_4bpp_0.cpp...
compiling screenView.cpp...
compiling Font_verdana_40_4bpp_0.cpp...
compiling GeneratedFont.cpp...
compiling FontCache.cpp...
compiling image_Blue_Buttons_Round_Edge_small.cpp...
compiling Kerning_verdana_10_4bpp.cpp...
compiling image_Blue_Buttons_Round_Edge_small_pressed.cpp...
compiling Kerning_verdana_20_4bpp.cpp...
compiling FrontendApplicationBase.cpp...
compiling Kerning_verdana_40_4bpp.cpp...
compiling LanguageGb.cpp...
compiling Table_verdana_10_4bpp.cpp...
compiling Table_verdana_20_4bpp.cpp...
compiling Table_verdana_40_4bpp.cpp...
compiling TypedTextDatabase.cpp...
compiling UnmappedDataFont.cpp...
compiling screenViewBase.cpp...
compiling Texts.cpp...
compiling stm32f7xx_hal_ltdc_ex.c...
compiling system_stm32f7xx.c...
compiling stm32f7xx_hal_tim_ex.c...
compiling stm32f7xx_hal_ltdc.c...
compiling sdram.c...
compiling stm32f7xx_hal_dsi.c...
compiling ft5206.c...
compiling ctiic.c...
compiling sys.c...
compiling stm32f7xx_hal_tim.c...
linking...
Program Size: Code=48712 RO-data=86544 RW-data=516 ZI-data=40668  
FromELF: creating hex file...
"touchgfx_test1\touchgfx_test1.axf" - 0 Error(s), 5 Warning(s).

<h2>Software Packages used:</h2>

Package Vendor: ARM
                http://www.keil.com/pack/ARM.CMSIS.5.7.0.pack
                ARM.CMSIS.5.7.0
                CMSIS (Cortex Microcontroller Software Interface Standard)
   * Component: CORE Version: 5.4.0

Package Vendor: Keil
                https://www.keil.com/pack/Keil.STM32F7xx_DFP.2.15.0.pack
                Keil.STM32F7xx_DFP.2.15.0
                STMicroelectronics STM32F7 Series Device Support, Drivers and Examples

<h2>Collection of Component include folders:</h2>
  .\RTE\_touchgfx_test1
  C:\Users\SuperHang\AppData\Local\Arm\Packs\ARM\CMSIS\5.7.0\CMSIS\Core\Include
  C:\Users\SuperHang\AppData\Local\Arm\Packs\Keil\STM32F7xx_DFP\2.15.0\Drivers\CMSIS\Device\ST\STM32F7xx\Include

<h2>Collection of Component Files used:</h2>

   * Component: ARM::CMSIS:CORE:5.4.0
Build Time Elapsed:  00:00:31
</pre>
</body>
</html>
